{
"Synplify Pro (R) Job Log" : {
	"Date" : "00:10:45    16-Jul-2026",
	"Working Directory" : "E:/finaldestination/doa-main/HF10_OV7725_LCD_FF/HF10_OV7725_LCD_FF/synthesis",
	"Install" : "E:/Microchip/Libero_SoC_2025.2/Libero_SoC/Synplify_Pro"
},
"synthesis" :{
   "Job Flow" : "Sequential",
   "Start Time" : "00:09:54",
   "Runtime" : "51s",
   "Executable Run Time" : "49s",
   "synthesis" : {
      "Job Flow" : "Sequential",
      "Start Time" : "00:09:54",
      "Runtime" : "51s",
      "Executable Run Time" : "49s",
      "compile" : {
         "Job Flow" : "Sequential",
         "Start Time" : "00:09:54",
         "Runtime" : "28s",
         "Executable Run Time" : "26s",
         "compile_flow" : {
            "Job Flow" : "Sequential",
            "Start Time" : "00:09:54",
            "Runtime" : "24s",
            "Executable Run Time" : "23s",
            "compiler" : {
               "executable" : "bin64/c_hdl.exe",
               "Run Directory" : "E:/finaldestination/doa-main/HF10_OV7725_LCD_FF/HF10_OV7725_LCD_FF/synthesis",
               "Run State" : "Complete",
               "Return Code" : "0",
               "Run Success" : "yes",
               "Run Start Time" : "00:09:54",
               "Run Time" : "24s",
               "Exe Run Time" : "23s",
               "max_parallel_jobs" : "4",
               "Memory Usage" : "-",
               "Up-to-date (run skipped)" : "no"
            },
            "multi_srs_gen" : {
               "executable" : "bin64/syn_nfilter.exe",
               "Run Directory" : "E:/finaldestination/doa-main/HF10_OV7725_LCD_FF/HF10_OV7725_LCD_FF/synthesis",
               "Run State" : "Complete",
               "Return Code" : "0",
               "Run Success" : "yes",
               "Run Start Time" : "00:10:18",
               "Run Time" : "00s",
               "Exe Run Time" : "00s",
               "Memory Usage" : "-",
               "Up-to-date (run skipped)" : "no"
            }
         },
         "premap" : {
            "executable" : "bin64/m_generic.exe",
            "Run Directory" : "E:/finaldestination/doa-main/HF10_OV7725_LCD_FF/HF10_OV7725_LCD_FF/synthesis",
            "Run State" : "Complete",
            "Return Code" : "1",
            "Run Success" : "yes",
            "Run Start Time" : "00:10:18",
            "Run Time" : "04s",
            "Exe Run Time" : "03s",
            "max_parallel_jobs" : "4",
            "Memory Usage" : "-",
            "Up-to-date (run skipped)" : "no"
         }
      },
      "map" : {
         "Job Flow" : "Sequential",
         "Start Time" : "00:10:22",
         "Runtime" : "23s",
         "Executable Run Time" : "23s",
         "fpga_mapper" : {
            "executable" : "bin64/m_generic.exe",
            "Run Directory" : "E:/finaldestination/doa-main/HF10_OV7725_LCD_FF/HF10_OV7725_LCD_FF/synthesis",
            "Run State" : "Complete",
            "Return Code" : "1",
            "Run Success" : "yes",
            "Run Start Time" : "00:10:22",
            "Run Time" : "23s",
            "Exe Run Time" : "23s",
            "max_parallel_jobs" : "4",
            "Memory Usage" : "-",
            "Up-to-date (run skipped)" : "no"
         }
      }
   }
}
}