Option definition override for: enable_hydra_infer_clocks_from_latch_data

                               Synplify Pro (R) 

               Version W-2025.03M-SP1-1 for win64 - Nov 18, 2025 

                    Copyright (c) 1988 - 2025 Synopsys, Inc.
   This software and the associated documentation are proprietary to Synopsys,
 Inc. This software may only be used in accordance with the terms and conditions
 of a written license agreement with Synopsys, Inc. All other use, reproduction,
   or distribution of this software is strictly prohibited.  Licensed Products
     communicate with Synopsys servers for the purpose of providing software
    updates, detecting software piracy and verifying that customers are using
    Licensed Products in conformity with the applicable License Key for such
  Licensed Products. Synopsys will use information gathered in connection with
    this process to deliver software updates and pursue software pirates and
                                   infringers.

 Inclusivity & Diversity - Visit SolvNetPlus to read the "Synopsys Statement on
            Inclusivity and Diversity" (Refer to article 000036315 at
                        https://solvnetplus.synopsys.com)

Starting:    E:\Microchip\Libero_SoC_2025.2\Libero_SoC\Synplify_Pro\bin64\mbin\synbatch.exe
Install:     E:\Microchip\Libero_SoC_2025.2\Libero_SoC\Synplify_Pro
Hostname:    LAPTOP-JM793N9B
Date:        Wed Jul 15 07:20:15 2026
Version:     W-2025.03M-SP1-1

Arguments:   -product synplify_base -licensetype synplifypro_actel -batch -log synplify.log TOP_syn.tcl
ProductType: synplify_pro

License checkout: synplifypro_actel
License: synplifypro_actel node-locked 
Licensed Vendor: actel
License Option: actel_oem

Running in Vendor Mode




log file: "E:\finaldestination\doa-main\HF10_OV7725_LCD_FF\HF10_OV7725_LCD_FF\synthesis\TOP.srr"
Running: synthesis in foreground

Running TOP_syn|synthesis

Running Flow: compile (Compile) on TOP_syn|synthesis
# Wed Jul 15 07:20:17 2026

Running Flow: compile_flow (Compile Process) on TOP_syn|synthesis
# Wed Jul 15 07:20:17 2026

Running: compiler (Compile Input) on TOP_syn|synthesis
# Wed Jul 15 07:20:17 2026
Copied E:\finaldestination\doa-main\HF10_OV7725_LCD_FF\HF10_OV7725_LCD_FF\synthesis\synwork\TOP_comp.srs to E:\finaldestination\doa-main\HF10_OV7725_LCD_FF\HF10_OV7725_LCD_FF\synthesis\TOP.srs

compiler completed
# Wed Jul 15 07:20:44 2026

Return Code: 0
Run Time:00h:00m:26s

Running: multi_srs_gen (Multi-srs Generator) on TOP_syn|synthesis
# Wed Jul 15 07:20:44 2026

multi_srs_gen completed
# Wed Jul 15 07:20:45 2026

Return Code: 0
Run Time:00h:00m:01s
Copied E:\finaldestination\doa-main\HF10_OV7725_LCD_FF\HF10_OV7725_LCD_FF\synthesis\synwork\TOP_mult.srs to E:\finaldestination\doa-main\HF10_OV7725_LCD_FF\HF10_OV7725_LCD_FF\synthesis\TOP.srs
Complete: Compile Process on TOP_syn|synthesis

Running: premap (Premap) on TOP_syn|synthesis
# Wed Jul 15 07:20:45 2026

premap completed with warnings
# Wed Jul 15 07:20:49 2026

Return Code: 1
Run Time:00h:00m:04s
Complete: Compile on TOP_syn|synthesis

Running Flow: map (Map) on TOP_syn|synthesis
# Wed Jul 15 07:20:49 2026
License granted for 4 parallel jobs

Running: fpga_mapper (Map & Optimize) on TOP_syn|synthesis
# Wed Jul 15 07:20:49 2026
Copied E:\finaldestination\doa-main\HF10_OV7725_LCD_FF\HF10_OV7725_LCD_FF\synthesis\synwork\TOP_m.srm to E:\finaldestination\doa-main\HF10_OV7725_LCD_FF\HF10_OV7725_LCD_FF\synthesis\TOP.srm

fpga_mapper completed with warnings
# Wed Jul 15 07:21:04 2026

Return Code: 1
Run Time:00h:00m:14s
Complete: Map on TOP_syn|synthesis
Complete: Logic Synthesis on TOP_syn|synthesis
TCL script complete: "TOP_syn.tcl"
exit status=0
exit status=0
License checkin: synplifypro_actel
