D:\Libero_SoC_2025.2\Libero_SoC\Synplify_Pro\bin64\c_hdl.exe  -osyn  D:\goa\doa-main\HF10_OV7725_LCD_FF\HF10_OV7725_LCD_FF\synthesis\synwork\TOP_comp.srs  -top  TOP  -hdllog  D:\goa\doa-main\HF10_OV7725_LCD_FF\HF10_OV7725_LCD_FF\synthesis\synlog\TOP_compiler.srr  -encrypt  -mp  4  -verification_mode 0  -vhdl  -prodtype  synplify_pro   -infer_seqShift -primux -dspmac -pqdpadd -fixsmult -sdff_counter -divnmod -nram  -actel -work_is_curlib 1  -encrypt  -pro  -dmgen  D:\goa\doa-main\HF10_OV7725_LCD_FF\HF10_OV7725_LCD_FF\synthesis\dm  -lite -ui -fid2 -ram -sharing on -ll 2000 -autosm  -vhdl2008 -work_is_curlib 1  -ignore_undefined_lib  -lib work D:\goa\doa-main\HF10_OV7725_LCD_FF\HF10_OV7725_LCD_FF\hdl\FF_GENERATOR.vhd -lib work D:\goa\doa-main\HF10_OV7725_LCD_FF\HF10_OV7725_LCD_FF\hdl\addr_decoder.vhd -lib work D:\goa\doa-main\HF10_OV7725_LCD_FF\HF10_OV7725_LCD_FF\hdl\receive_data.vhd -lib work D:\goa\doa-main\HF10_OV7725_LCD_FF\HF10_OV7725_LCD_FF\hdl\apb3_if.vhd -lib work D:\goa\doa-main\HF10_OV7725_LCD_FF\HF10_OV7725_LCD_FF\hdl\Image_Enhancement.vhd -lib work D:\goa\doa-main\HF10_OV7725_LCD_FF\HF10_OV7725_LCD_FF\hdl\LCD_FSM.vhd -lib work D:\goa\doa-main\HF10_OV7725_LCD_FF\HF10_OV7725_LCD_FF\hdl\Write_LSRAM.vhd -lib work D:\goa\doa-main\HF10_OV7725_LCD_FF\HF10_OV7725_LCD_FF\hdl\double_flop.vhd -lib work D:\goa\doa-main\HF10_OV7725_LCD_FF\HF10_OV7725_LCD_FF\hdl\RamDualPort.vhd -lib work D:\goa\doa-main\HF10_OV7725_LCD_FF\HF10_OV7725_LCD_FF\hdl\mux_2_1.vhd  -verilog  -prodtype  synplify_pro   -infer_seqShift -primux -dspmac -pqdpadd -fixsmult -sdff_counter -divnmod -nram  -actel   -I D:\goa\doa-main\HF10_OV7725_LCD_FF\HF10_OV7725_LCD_FF\synthesis\  -I D:\Libero_SoC_2025.2\Libero_SoC\Synplify_Pro\lib   -v2001  -devicelib  D:\Libero_SoC_2025.2\Libero_SoC\Synplify_Pro\lib\generic\smartfusion2.v  -encrypt  -pro  -dmgen  D:\goa\doa-main\HF10_OV7725_LCD_FF\HF10_OV7725_LCD_FF\synthesis\dm  -ui -fid2 -ram -sharing on -ll 2000 -autosm  -lib work D:\goa\doa-main\HF10_OV7725_LCD_FF\HF10_OV7725_LCD_FF\component\syn_comps.v -lib work D:\goa\doa-main\HF10_OV7725_LCD_FF\HF10_OV7725_LCD_FF\hdl\FF_EXT.v -lib work D:\goa\doa-main\HF10_OV7725_LCD_FF\HF10_OV7725_LCD_FF\hdl\coreresetp_pcie_hotreset.v -lib work D:\goa\doa-main\HF10_OV7725_LCD_FF\HF10_OV7725_LCD_FF\hdl\coreresetp.v -lib work D:\goa\doa-main\HF10_OV7725_LCD_FF\HF10_OV7725_LCD_FF\hdl\CORERESETP_0.v -lib work D:\goa\doa-main\HF10_OV7725_LCD_FF\HF10_OV7725_LCD_FF\component\work\FlashFreeze_SB\CCC_0\FlashFreeze_SB_CCC_0_FCCC.v -lib work D:\goa\doa-main\HF10_OV7725_LCD_FF\HF10_OV7725_LCD_FF\component\work\FlashFreeze_SB_MSS\FlashFreeze_SB_MSS_syn.v -lib work D:\goa\doa-main\HF10_OV7725_LCD_FF\HF10_OV7725_LCD_FF\component\work\FlashFreeze_SB_MSS\FlashFreeze_SB_MSS.v -lib work D:\goa\doa-main\HF10_OV7725_LCD_FF\HF10_OV7725_LCD_FF\component\work\FlashFreeze_SB\FlashFreeze_SB.v -lib work D:\goa\doa-main\HF10_OV7725_LCD_FF\HF10_OV7725_LCD_FF\component\Actel\SgCore\OSC\2.0.101\osc_comps.v -lib work D:\goa\doa-main\HF10_OV7725_LCD_FF\HF10_OV7725_LCD_FF\component\work\OSC_C0\OSC_C0_0\OSC_C0_OSC_C0_0_OSC.v -lib work D:\goa\doa-main\HF10_OV7725_LCD_FF\HF10_OV7725_LCD_FF\component\work\OSC_C0\OSC_C0.v -lib work D:\goa\doa-main\HF10_OV7725_LCD_FF\HF10_OV7725_LCD_FF\component\work\COREUART_C0\COREUART_C0_0\rtl\vlog\core_obfuscated\Rx_async.v -lib work D:\goa\doa-main\HF10_OV7725_LCD_FF\HF10_OV7725_LCD_FF\component\work\COREUART_C0\COREUART_C0_0\rtl\vlog\core_obfuscated\Tx_async.v -lib work D:\goa\doa-main\HF10_OV7725_LCD_FF\HF10_OV7725_LCD_FF\component\work\COREUART_C0\COREUART_C0_0\rtl\vlog\core_obfuscated\fifo_256x8_g4.v -lib work D:\goa\doa-main\HF10_OV7725_LCD_FF\HF10_OV7725_LCD_FF\component\work\COREUART_C0\COREUART_C0_0\rtl\vlog\core_obfuscated\Clock_gen.v -lib work D:\goa\doa-main\HF10_OV7725_LCD_FF\HF10_OV7725_LCD_FF\component\work\COREUART_C0\COREUART_C0_0\rtl\vlog\core_obfuscated\CoreUART.v -lib work D:\goa\doa-main\HF10_OV7725_LCD_FF\HF10_OV7725_LCD_FF\component\work\COREUART_C0\COREUART_C0.v -lib work D:\goa\doa-main\HF10_OV7725_LCD_FF\HF10_OV7725_LCD_FF\component\work\UART_interface\UART_interface.v -lib work D:\goa\doa-main\HF10_OV7725_LCD_FF\HF10_OV7725_LCD_FF\hdl\dot_detector.v -lib work D:\goa\doa-main\HF10_OV7725_LCD_FF\HF10_OV7725_LCD_FF\hdl\osd_overlay.v -lib work D:\goa\doa-main\HF10_OV7725_LCD_FF\HF10_OV7725_LCD_FF\hdl\dot_osd_integration.v -lib work D:\goa\doa-main\HF10_OV7725_LCD_FF\HF10_OV7725_LCD_FF\hdl\led_blink.v -lib work D:\goa\doa-main\HF10_OV7725_LCD_FF\HF10_OV7725_LCD_FF\component\work\line_write_read\line_write_read.v -lib work D:\goa\doa-main\HF10_OV7725_LCD_FF\HF10_OV7725_LCD_FF\component\work\TOP\TOP.v  -jobname  "compiler" 
relcom:..\..\..\..\..\..\Libero_SoC_2025.2\Libero_SoC\Synplify_Pro\bin64\c_hdl.exe -osyn ..\synwork\TOP_comp.srs -top TOP -hdllog ..\synlog\TOP_compiler.srr -encrypt -mp 4 -verification_mode 0 -vhdl -prodtype synplify_pro -infer_seqShift -primux -dspmac -pqdpadd -fixsmult -sdff_counter -divnmod -nram -actel -work_is_curlib 1 -encrypt -pro -dmgen ..\dm -lite -ui -fid2 -ram -sharing on -ll 2000 -autosm -vhdl2008 -work_is_curlib 1 -ignore_undefined_lib -lib work ..\..\hdl\FF_GENERATOR.vhd -lib work ..\..\hdl\addr_decoder.vhd -lib work ..\..\hdl\receive_data.vhd -lib work ..\..\hdl\apb3_if.vhd -lib work ..\..\hdl\Image_Enhancement.vhd -lib work ..\..\hdl\LCD_FSM.vhd -lib work ..\..\hdl\Write_LSRAM.vhd -lib work ..\..\hdl\double_flop.vhd -lib work ..\..\hdl\RamDualPort.vhd -lib work ..\..\hdl\mux_2_1.vhd -verilog -prodtype synplify_pro -infer_seqShift -primux -dspmac -pqdpadd -fixsmult -sdff_counter -divnmod -nram -actel -I ..\ -I ..\..\..\..\..\..\Libero_SoC_2025.2\Libero_SoC\Synplify_Pro\lib -v2001 -devicelib ..\..\..\..\..\..\Libero_SoC_2025.2\Libero_SoC\Synplify_Pro\lib\generic\smartfusion2.v -encrypt -pro -dmgen ..\dm -ui -fid2 -ram -sharing on -ll 2000 -autosm -lib work ..\..\component\syn_comps.v -lib work ..\..\hdl\FF_EXT.v -lib work ..\..\hdl\coreresetp_pcie_hotreset.v -lib work ..\..\hdl\coreresetp.v -lib work ..\..\hdl\CORERESETP_0.v -lib work ..\..\component\work\FlashFreeze_SB\CCC_0\FlashFreeze_SB_CCC_0_FCCC.v -lib work ..\..\component\work\FlashFreeze_SB_MSS\FlashFreeze_SB_MSS_syn.v -lib work ..\..\component\work\FlashFreeze_SB_MSS\FlashFreeze_SB_MSS.v -lib work ..\..\component\work\FlashFreeze_SB\FlashFreeze_SB.v -lib work ..\..\component\Actel\SgCore\OSC\2.0.101\osc_comps.v -lib work ..\..\component\work\OSC_C0\OSC_C0_0\OSC_C0_OSC_C0_0_OSC.v -lib work ..\..\component\work\OSC_C0\OSC_C0.v -lib work ..\..\component\work\COREUART_C0\COREUART_C0_0\rtl\vlog\core_obfuscated\Rx_async.v -lib work ..\..\component\work\COREUART_C0\COREUART_C0_0\rtl\vlog\core_obfuscated\Tx_async.v -lib work ..\..\component\work\COREUART_C0\COREUART_C0_0\rtl\vlog\core_obfuscated\fifo_256x8_g4.v -lib work ..\..\component\work\COREUART_C0\COREUART_C0_0\rtl\vlog\core_obfuscated\Clock_gen.v -lib work ..\..\component\work\COREUART_C0\COREUART_C0_0\rtl\vlog\core_obfuscated\CoreUART.v -lib work ..\..\component\work\COREUART_C0\COREUART_C0.v -lib work ..\..\component\work\UART_interface\UART_interface.v -lib work ..\..\hdl\dot_detector.v -lib work ..\..\hdl\osd_overlay.v -lib work ..\..\hdl\dot_osd_integration.v -lib work ..\..\hdl\led_blink.v -lib work ..\..\component\work\line_write_read\line_write_read.v -lib work ..\..\component\work\TOP\TOP.v -jobname "compiler"
rc:0 success:1 runtime:30
file:..\synwork\top_comp.srs|io:o|time:1784023913|size:126931|exec:0|csum:
file:..\synlog\top_compiler.srr|io:o|time:1784023914|size:77144|exec:0|csum:
file:..\..\hdl\ff_generator.vhd|io:i|time:1784011568|size:5039|exec:0|csum:84B626C9A767588A713149DA6FD48765
file:..\..\hdl\addr_decoder.vhd|io:i|time:1784011568|size:6639|exec:0|csum:A61850CA59089128109E5707B98B092E
file:..\..\hdl\receive_data.vhd|io:i|time:1784011568|size:16128|exec:0|csum:6CB12F930B87331320364F49F9C81E99
file:..\..\hdl\apb3_if.vhd|io:i|time:1784011568|size:7849|exec:0|csum:F3484F35620207EDA5BD73AC3ACBB8A4
file:..\..\hdl\image_enhancement.vhd|io:i|time:1784011568|size:12232|exec:0|csum:738B2CF90FEFE242408F95D5F937BE7A
file:..\..\hdl\lcd_fsm.vhd|io:i|time:1784011568|size:25639|exec:0|csum:D785735335DA554B3A65F80779F85EC1
file:..\..\hdl\write_lsram.vhd|io:i|time:1784011568|size:8841|exec:0|csum:00FB9D17E087EF23FFDD2677CC74B9CC
file:..\..\hdl\double_flop.vhd|io:i|time:1784011568|size:5312|exec:0|csum:CC42EB949CBBD21A71B9EA859D7B7F2C
file:..\..\hdl\ramdualport.vhd|io:i|time:1784011568|size:6606|exec:0|csum:D0EAC0EBDF89870DD2878BEA0C2F8E48
file:..\..\hdl\mux_2_1.vhd|io:i|time:1784011568|size:5386|exec:0|csum:364821A22769E9C6106902AD49A99AA7
file:..\..\..\..\..\..\libero_soc_2025.2\libero_soc\synplify_pro\lib\generic\smartfusion2.v|io:i|time:1763475254|size:16415|exec:0|csum:9BAA6208AF4C76CF2C10809775E94DAF
file:..\..\component\syn_comps.v|io:i|time:1784023883|size:1248|exec:0|csum:40551DD6D20869DDA782D19E9D5885DE
file:..\..\hdl\ff_ext.v|io:i|time:1784011568|size:295|exec:0|csum:7BD98F5012AE738CCE4CD3DCE99B8518
file:..\..\hdl\coreresetp_pcie_hotreset.v|io:i|time:1784011568|size:8728|exec:0|csum:E4DD8146D271E8A2135B8A82B5A27857
file:..\..\hdl\coreresetp.v|io:i|time:1784011568|size:69572|exec:0|csum:867F28757CF7C0B213B0214C7F2C43BB
file:..\..\hdl\coreresetp_0.v|io:i|time:1784011568|size:8980|exec:0|csum:F4B83B1B6B05E9BCD073C0E8C3ABC175
file:..\..\component\work\flashfreeze_sb\ccc_0\flashfreeze_sb_ccc_0_fccc.v|io:i|time:1784011566|size:1869|exec:0|csum:FE49995E2761DAB2139DCB71EE618AC1
file:..\..\component\work\flashfreeze_sb_mss\flashfreeze_sb_mss_syn.v|io:i|time:1784011566|size:49951|exec:0|csum:B3B163F4B2A09CB12A805682AE6C839E
file:..\..\component\work\flashfreeze_sb_mss\flashfreeze_sb_mss.v|io:i|time:1784011566|size:45035|exec:0|csum:4F6105A9708F7BCA9C4396C037CEACCD
file:..\..\component\work\flashfreeze_sb\flashfreeze_sb.v|io:i|time:1784011566|size:10608|exec:0|csum:CB26A5E4C2325650F5C08AB6444C9098
file:..\..\component\actel\sgcore\osc\2.0.101\osc_comps.v|io:i|time:1784011565|size:959|exec:0|csum:27ABE737B5673879A6ABC7FA3EE4A562
file:..\..\component\work\osc_c0\osc_c0_0\osc_c0_osc_c0_0_osc.v|io:i|time:1784011566|size:759|exec:0|csum:52828B3194AB599E925758F277656875
file:..\..\component\work\osc_c0\osc_c0.v|io:i|time:1784011566|size:2457|exec:0|csum:0EF8EFB4E16EC77E1ADD044848EC516F
file:..\..\component\work\coreuart_c0\coreuart_c0_0\rtl\vlog\core_obfuscated\rx_async.v|io:i|time:1784011566|size:8559|exec:0|csum:6740C70382A193656738C94D56DF2443
file:..\..\component\work\coreuart_c0\coreuart_c0_0\rtl\vlog\core_obfuscated\tx_async.v|io:i|time:1784011566|size:4686|exec:0|csum:64D7AE21BEE1DB32E427AAB2CDB21784
file:..\..\component\work\coreuart_c0\coreuart_c0_0\rtl\vlog\core_obfuscated\fifo_256x8_g4.v|io:i|time:1784011566|size:5276|exec:0|csum:1B68CB62DEDEE3000AE8F671836E17DF
file:..\..\component\work\coreuart_c0\coreuart_c0_0\rtl\vlog\core_obfuscated\clock_gen.v|io:i|time:1784011566|size:5233|exec:0|csum:2FDC9D3412922FCFF8E0437702D5AE74
file:..\..\component\work\coreuart_c0\coreuart_c0_0\rtl\vlog\core_obfuscated\coreuart.v|io:i|time:1784011566|size:8268|exec:0|csum:8FA25A374FDD8B37FBB2A369083F4687
file:..\..\component\work\coreuart_c0\coreuart_c0.v|io:i|time:1784011565|size:4207|exec:0|csum:D692CF7638E3487660F7A5EDF4A7C5E1
file:..\..\component\work\uart_interface\uart_interface.v|io:i|time:1784011566|size:5400|exec:0|csum:238AFD62B2057ACE594AD02709B38B58
file:..\..\hdl\dot_detector.v|io:i|time:1784022671|size:5530|exec:0|csum:CE5091F355F61667545A29ABFA3A0CAE
file:..\..\hdl\osd_overlay.v|io:i|time:1784023861|size:7120|exec:0|csum:F924E222427CB2CC6C7D78CD7A59F302
file:..\..\hdl\dot_osd_integration.v|io:i|time:1784011568|size:1681|exec:0|csum:D156AD0A5CABD5FE0291B926872326E7
file:..\..\hdl\led_blink.v|io:i|time:1784011568|size:750|exec:0|csum:477794E82FE4ECD908C6F9BFF1E9F789
file:..\..\component\work\line_write_read\line_write_read.v|io:i|time:1784011566|size:7780|exec:0|csum:45A3DBE07719F8303F28F1B82393C21E
file:..\..\component\work\top\top.v|io:i|time:1784011566|size:12833|exec:0|csum:CEF6FBCD2FFA552ABF94C88C65F2682F
file:..\..\..\..\..\..\libero_soc_2025.2\libero_soc\synplify_pro\bin64\c_hdl.exe|io:i|time:1763485758|size:7677440|exec:1|csum:99A6C5AF16F6318F1C0BD83B2ACE0C84
