Resource Usage Report for TOP 

Mapping to part: m2s010vf400-1
Cell usage:
AND2            1 use
CCC             1 use
CLKINT          8 uses
FLASH_FREEZE    1 use
MSS_010         1 use
MX2             2 uses
RCOSC_25_50MHZ  1 use
RCOSC_25_50MHZ_FAB  1 use
SYSRESET        1 use
CFG1           9 uses
CFG2           148 uses
CFG3           196 uses
CFG4           381 uses

Carry cells:
ARI1            476 uses - used for arithmetic functions
ARI1            32 uses - used for Wide-Mux implementation
Total ARI1      508 uses


Sequential Cells: 
SLE            692 uses

DSP Blocks:    4 of 22 (18%)
 MACC:         3 MultAdds
 MACC:         1 Mult

I/O ports: 38
I/O primitives: 37
BIBUF          2 uses
INBUF          14 uses
OUTBUF         21 uses


Global Clock Buffers: 8

Total LUTs:    1242

Extra resources required for RAM and MACC interface logic during P&R:

RAM64x18 Interface Logic : SLEs = 0; LUTs = 0;
RAM1K18  Interface Logic : SLEs = 36; LUTs = 36;
MACC     Interface Logic : SLEs = 144; LUTs = 144;

Total number of SLEs after P&R:  692 + 0 + 36 + 144 = 872;
Total number of LUTs after P&R:  1242 + 0 + 36 + 144 = 1422;

